
Running 20 tests using 2 workers

  ✓ <n> [desktop-chromium-1440] › e2e/specs/health.spec.ts:16:7 › health page › reports liveness for vizra-user (<time>)
  ✓ <n> [desktop-chromium-1440] › e2e/specs/health.spec.ts:25:7 › health page › does not claim readiness and leaks no build metadata (<time>)
  ✓ <n> [desktop-chromium-1440] › e2e/specs/health.spec.ts:51:7 › health page › is rendered per request rather than served from a build-time cache (<time>)
  ✓ <n> [desktop-chromium-1440] › e2e/specs/home.spec.ts:19:7 › home placeholder › renders the placeholder and says no product surface exists yet (<time>)
  ✓ <n> [desktop-chromium-1440] › e2e/specs/home.spec.ts:38:7 › home placeholder › hydrates without the page complaining (<time>)
  ✓ <n> [desktop-chromium-1440] › e2e/specs/home.spec.ts:47:7 › home placeholder › the only link on the placeholder reaches the health page (<time>)
  ✓ <n> [desktop-chromium-1440] › e2e/specs/home.spec.ts:66:7 › home placeholder › the layout fits the viewport with no horizontal overflow (<time>)
  ✓ <n> [desktop-chromium-1440] › e2e/specs/production-build.spec.ts:23:7 › the target is the production build › shows every production marker and no development marker (<time>)
  ✓ <n> [desktop-chromium-1440] › e2e/specs/production-build.spec.ts:41:7 › the target is the production build › the same markers hold on a dynamic route (<time>)
  ✓ <n> [mobile-chromium-390] › e2e/specs/health.spec.ts:16:7 › health page › reports liveness for vizra-user (<time>)
  ✓ <n> [mobile-chromium-390] › e2e/specs/health.spec.ts:25:7 › health page › does not claim readiness and leaks no build metadata (<time>)
  ✓ <n> [mobile-chromium-390] › e2e/specs/health.spec.ts:51:7 › health page › is rendered per request rather than served from a build-time cache (<time>)
  ✓ <n> [mobile-chromium-390] › e2e/specs/home.spec.ts:19:7 › home placeholder › renders the placeholder and says no product surface exists yet (<time>)
  ✓ <n> [mobile-chromium-390] › e2e/specs/home.spec.ts:38:7 › home placeholder › hydrates without the page complaining (<time>)
  ✓ <n> [mobile-chromium-390] › e2e/specs/home.spec.ts:47:7 › home placeholder › the only link on the placeholder reaches the health page (<time>)
  ✓ <n> [mobile-chromium-390] › e2e/specs/home.spec.ts:66:7 › home placeholder › the layout fits the viewport with no horizontal overflow (<time>)
  ✓ <n> [mobile-chromium-390] › e2e/specs/production-build.spec.ts:23:7 › the target is the production build › shows every production marker and no development marker (<time>)
  ✓ <n> [mobile-chromium-390] › e2e/specs/production-build.spec.ts:41:7 › the target is the production build › the same markers hold on a dynamic route (<time>)
  ✘ <n> [desktop-chromium-1440] › e2e/specs/__envwrite.spec.ts:8:5 › the verifier's two lines, then a failing test on a page whose field holds a typed value (<time>)
  ✘ <n> [desktop-chromium-1440] › e2e/specs/__envwrite.spec.ts:8:5 › the verifier's two lines, then a failing test on a page whose field holds a typed value (retry #1) (<time>)
  ✘ <n> [mobile-chromium-390] › e2e/specs/__envwrite.spec.ts:8:5 › the verifier's two lines, then a failing test on a page whose field holds a typed value (<time>)
  ✘ <n> [mobile-chromium-390] › e2e/specs/__envwrite.spec.ts:8:5 › the verifier's two lines, then a failing test on a page whose field holds a typed value (retry #1) (<time>)


  1) [desktop-chromium-1440] › e2e/specs/__envwrite.spec.ts:8:5 › the verifier's two lines, then a failing test on a page whose field holds a typed value 

    Error: this demonstration fails on purpose

    expect(received).toBe(expected) // Object.is equality

    Expected: 2
    Received: 1

      14 |   });
      15 |   await page.getByLabel("demonstration field").pressSequentially(String(process.env.VZ_DEMO_TYPED));
    > 16 |   expect(1, "this demonstration fails on purpose").toBe(2);
         |                                                    ^
      17 | });
      18 |
        at <repo>/e2e/specs/__envwrite.spec.ts:16:52

    attachment #1: screenshot (image/png) ──────────────────────────────────────────────────────────
    test-results/__envwrite-the-verifier-s--c5624-e-field-holds-a-typed-value-desktop-chromium-1440/test-failed-<n>.png
    ────────────────────────────────────────────────────────────────────────────────────────────────

    attachment #3: video (video/webm) ──────────────────────────────────────────────────────────────
    test-results/__envwrite-the-verifier-s--c5624-e-field-holds-a-typed-value-desktop-chromium-1440/video<n>.webm
    ────────────────────────────────────────────────────────────────────────────────────────────────

    Error Context: test-results/__envwrite-the-verifier-s--c5624-e-field-holds-a-typed-value-desktop-chromium-1440/error-context.md

    attachment #5: trace (application/zip) ─────────────────────────────────────────────────────────
    test-results/__envwrite-the-verifier-s--c5624-e-field-holds-a-typed-value-desktop-chromium-1440/trace.zip
    Usage:

        npx playwright show-trace test-results/__envwrite-the-verifier-s--c5624-e-field-holds-a-typed-value-desktop-chromium-1440/trace.zip

    ────────────────────────────────────────────────────────────────────────────────────────────────

    Retry #1 ───────────────────────────────────────────────────────────────────────────────────────

    Error: this demonstration fails on purpose

    expect(received).toBe(expected) // Object.is equality

    Expected: 2
    Received: 1

      14 |   });
      15 |   await page.getByLabel("demonstration field").pressSequentially(String(process.env.VZ_DEMO_TYPED));
    > 16 |   expect(1, "this demonstration fails on purpose").toBe(2);
         |                                                    ^
      17 | });
      18 |
        at <repo>/e2e/specs/__envwrite.spec.ts:16:52

    attachment #1: screenshot (image/png) ──────────────────────────────────────────────────────────
    test-results/__envwrite-the-verifier-s--c5624-e-field-holds-a-typed-value-desktop-chromium-1440-retry1/test-failed-<n>.png
    ────────────────────────────────────────────────────────────────────────────────────────────────

    attachment #3: video (video/webm) ──────────────────────────────────────────────────────────────
    test-results/__envwrite-the-verifier-s--c5624-e-field-holds-a-typed-value-desktop-chromium-1440-retry1/video<n>.webm
    ────────────────────────────────────────────────────────────────────────────────────────────────

    Error Context: test-results/__envwrite-the-verifier-s--c5624-e-field-holds-a-typed-value-desktop-chromium-1440-retry1/error-context.md

    attachment #5: trace (application/zip) ─────────────────────────────────────────────────────────
    test-results/__envwrite-the-verifier-s--c5624-e-field-holds-a-typed-value-desktop-chromium-1440-retry1/trace.zip
    Usage:

        npx playwright show-trace test-results/__envwrite-the-verifier-s--c5624-e-field-holds-a-typed-value-desktop-chromium-1440-retry1/trace.zip

    ────────────────────────────────────────────────────────────────────────────────────────────────

  2) [mobile-chromium-390] › e2e/specs/__envwrite.spec.ts:8:5 › the verifier's two lines, then a failing test on a page whose field holds a typed value 

    Error: this demonstration fails on purpose

    expect(received).toBe(expected) // Object.is equality

    Expected: 2
    Received: 1

      14 |   });
      15 |   await page.getByLabel("demonstration field").pressSequentially(String(process.env.VZ_DEMO_TYPED));
    > 16 |   expect(1, "this demonstration fails on purpose").toBe(2);
         |                                                    ^
      17 | });
      18 |
        at <repo>/e2e/specs/__envwrite.spec.ts:16:52

    attachment #1: screenshot (image/png) ──────────────────────────────────────────────────────────
    test-results/__envwrite-the-verifier-s--c5624-e-field-holds-a-typed-value-mobile-chromium-390/test-failed-<n>.png
    ────────────────────────────────────────────────────────────────────────────────────────────────

    attachment #3: video (video/webm) ──────────────────────────────────────────────────────────────
    test-results/__envwrite-the-verifier-s--c5624-e-field-holds-a-typed-value-mobile-chromium-390/video<n>.webm
    ────────────────────────────────────────────────────────────────────────────────────────────────

    Error Context: test-results/__envwrite-the-verifier-s--c5624-e-field-holds-a-typed-value-mobile-chromium-390/error-context.md

    attachment #5: trace (application/zip) ─────────────────────────────────────────────────────────
    test-results/__envwrite-the-verifier-s--c5624-e-field-holds-a-typed-value-mobile-chromium-390/trace.zip
    Usage:

        npx playwright show-trace test-results/__envwrite-the-verifier-s--c5624-e-field-holds-a-typed-value-mobile-chromium-390/trace.zip

    ────────────────────────────────────────────────────────────────────────────────────────────────

    Retry #1 ───────────────────────────────────────────────────────────────────────────────────────

    Error: this demonstration fails on purpose

    expect(received).toBe(expected) // Object.is equality

    Expected: 2
    Received: 1

      14 |   });
      15 |   await page.getByLabel("demonstration field").pressSequentially(String(process.env.VZ_DEMO_TYPED));
    > 16 |   expect(1, "this demonstration fails on purpose").toBe(2);
         |                                                    ^
      17 | });
      18 |
        at <repo>/e2e/specs/__envwrite.spec.ts:16:52

    attachment #1: screenshot (image/png) ──────────────────────────────────────────────────────────
    test-results/__envwrite-the-verifier-s--c5624-e-field-holds-a-typed-value-mobile-chromium-390-retry1/test-failed-<n>.png
    ────────────────────────────────────────────────────────────────────────────────────────────────

    attachment #3: video (video/webm) ──────────────────────────────────────────────────────────────
    test-results/__envwrite-the-verifier-s--c5624-e-field-holds-a-typed-value-mobile-chromium-390-retry1/video<n>.webm
    ────────────────────────────────────────────────────────────────────────────────────────────────

    Error Context: test-results/__envwrite-the-verifier-s--c5624-e-field-holds-a-typed-value-mobile-chromium-390-retry1/error-context.md

    attachment #5: trace (application/zip) ─────────────────────────────────────────────────────────
    test-results/__envwrite-the-verifier-s--c5624-e-field-holds-a-typed-value-mobile-chromium-390-retry1/trace.zip
    Usage:

        npx playwright show-trace test-results/__envwrite-the-verifier-s--c5624-e-field-holds-a-typed-value-mobile-chromium-390-retry1/trace.zip

    ────────────────────────────────────────────────────────────────────────────────────────────────

  2 failed
    [desktop-chromium-1440] › e2e/specs/__envwrite.spec.ts:8:5 › the verifier's two lines, then a failing test on a page whose field holds a typed value 
    [mobile-chromium-390] › e2e/specs/__envwrite.spec.ts:8:5 › the verifier's two lines, then a failing test on a page whose field holds a typed value 
  18 passed (<time>)
e2e coverage floor: OK (desktop-chromium-1440=9/9 mobile-chromium-390=9/9).
e2e harness stamp: OK (18 succeeding result(s) verified).
