▲ Next.js 16.3.5 (Turbopack)
- Local:         http://localhost:3392
- Network:       http://192.168.1.141:3392
✓ Ready in <time>
✓ Running next.config.ts took <time>

○ Compiling /health ...
 GET /health 200 in 176ms (next.js: 15ms, application-code: 161ms)
 GET /health 200 in 290ms (next.js: 20ms, application-code: 271ms)
 GET /health 200 in 407ms (next.js: 10ms, application-code: 397ms)
⚠ Blocked cross-origin request to Next.js dev resource /_next/hmr from "127.0.0.1".
Cross-origin access to Next.js dev resources is blocked by default for safety.

To allow this host in development, add it to "allowedDevOrigins" in next.config.js and restart the dev server:

// next.config.js
module.exports = {
  allowedDevOrigins: ['127.0.0.1'],
}

Read more: https://nextjs.org/docs/app/api-reference/config/next-config-js/allowedDevOrigins
○ Compiling / ...
 GET / 200 in 3.7s (next.js: 3.1s, application-code: 616ms)
 GET / 200 in 3.7s (next.js: 3.1s, application-code: 611m[?25h
